------------------------------------------------------------
TimeQuest Timing Analyzer Summary
------------------------------------------------------------

Type  : Slow 1100mV 85C Model Setup 'CLOCK_50'
Slack : -2.328
TNS   : -79.655

Type  : Slow 1100mV 85C Model Hold 'CLOCK_50'
Slack : 0.387
TNS   : 0.000

Type  : Slow 1100mV 85C Model Minimum Pulse Width 'CLOCK_50'
Slack : -0.394
TNS   : -19.173

Type  : Slow 1100mV 0C Model Setup 'CLOCK_50'
Slack : -2.431
TNS   : -79.137

Type  : Slow 1100mV 0C Model Hold 'CLOCK_50'
Slack : 0.385
TNS   : 0.000

Type  : Slow 1100mV 0C Model Minimum Pulse Width 'CLOCK_50'
Slack : -0.394
TNS   : -20.672

Type  : Fast 1100mV 85C Model Setup 'CLOCK_50'
Slack : -0.939
TNS   : -30.186

Type  : Fast 1100mV 85C Model Hold 'CLOCK_50'
Slack : 0.206
TNS   : 0.000

Type  : Fast 1100mV 85C Model Minimum Pulse Width 'CLOCK_50'
Slack : -0.091
TNS   : -3.317

Type  : Fast 1100mV 0C Model Setup 'CLOCK_50'
Slack : -0.792
TNS   : -25.446

Type  : Fast 1100mV 0C Model Hold 'CLOCK_50'
Slack : 0.193
TNS   : 0.000

Type  : Fast 1100mV 0C Model Minimum Pulse Width 'CLOCK_50'
Slack : -0.088
TNS   : -3.222

------------------------------------------------------------
